../Core/Src/user_lib/app.c:29:6:delay_us	16	static
../Core/Src/user_lib/app.c:37:10:clamp_u16_int	24	static
../Core/Src/user_lib/app.c:45:10:servo_angle_to_us	24	static
../Core/Src/user_lib/app.c:56:6:servo_pulse_us	24	static
../Core/Src/user_lib/app.c:69:6:servo_write_angle	24	static
../Core/Src/user_lib/app.c:78:6:door	16	static
../Core/Src/user_lib/app.c:90:6:TIM3_ConfigFrequency	32	static
../Core/Src/user_lib/app.c:112:6:PWM_Start	8	static
../Core/Src/user_lib/app.c:119:6:TIM3_SetDuty_CH1	40	static
../Core/Src/user_lib/app.c:127:6:TIM3_SetDuty_CH2	40	static
../Core/Src/user_lib/app.c:135:6:esp32_send	16	static
../Core/Src/user_lib/app.c:162:8:build_sensor_json	48	static
../Core/Src/user_lib/app.c:189:6:esp32handle	248	static
