../Core/Src/user_lib/password_handle.c:17:6:set_key	16	static
../Core/Src/user_lib/password_handle.c:59:6:man_hinh_cho	8	static
../Core/Src/user_lib/password_handle.c:83:6:doi_pass	8	static
../Core/Src/user_lib/password_handle.c:91:6:dong_cua	8	static
../Core/Src/user_lib/password_handle.c:98:6:mo_cua	8	static
../Core/Src/user_lib/password_handle.c:104:6:check_id	4	static
../Core/Src/user_lib/password_handle.c:124:6:nhap_pass	8	static
../Core/Src/user_lib/password_handle.c:130:6:xoa_tam	16	static
../Core/Src/user_lib/password_handle.c:137:6:nhap_phim	24	static
../Core/Src/user_lib/password_handle.c:354:6:old_pass	16	static
../Core/Src/user_lib/password_handle.c:365:6:nhap_phim_cu	24	static
../Core/Src/user_lib/password_handle.c:518:6:sim_manager	16	static
